// Jest Snapshot v1, https://goo.gl/fbAQLP

exports[`Button should render correctly 1`] = `
<View
  accessible={true}
  collapsable={false}
  focusable={true}
  onBlur={[Function]}
  onClick={[Function]}
  onFocus={[Function]}
  onResponderGrant={[Function]}
  onResponderMove={[Function]}
  onResponderRelease={[Function]}
  onResponderTerminate={[Function]}
  onResponderTerminationRequest={[Function]}
  onStartShouldSetResponder={[Function]}
  style={
    {
      "alignItems": "center",
      "backgroundColor": "black",
      "borderRadius": 4,
      "elevation": 3,
      "justifyContent": "center",
      "paddingHorizontal": 32,
      "paddingVertical": 12,
    }
  }
>
  <Text
    style={
      {
        "color": "white",
        "fontSize": 16,
        "fontWeight": "bold",
        "letterSpacing": 0.25,
        "lineHeight": 21,
      }
    }
  >
    Menu
  </Text>
</View>
`;
